// Jest Snapshot v1, https://goo.gl/fbAQLP

exports[`match snapshot 1`] = `
<div
  className="Layout-sc-1qlvb6x-0 iYCmAx"
/>
`;
