// Jest Snapshot v1, https://goo.gl/fbAQLP

exports[`match snapshot 1`] = `
<div
  className="am-tabs am-tabs-horizontal am-tabs-top"
>
  <div
    className="am-tabs-tab-bar-wrap"
  >
    <div
      className="am-tabs-default-bar am-tabs-default-bar-animated am-tabs-default-bar-top"
      style={
        Object {
          "backgroundColor": "#fff",
        }
      }
    >
      <div
        className="am-tabs-default-bar-content"
        onTouchCancel={[Function]}
        onTouchEnd={[Function]}
        onTouchMove={[Function]}
        onTouchStart={[Function]}
        style={
          Object {
            "touchAction": "pan-y",
          }
        }
      >
        <div
          className="am-tabs-default-bar-tab am-tabs-default-bar-tab-active"
          onClick={[Function]}
          style={
            Object {
              "color": "#0069b9",
              "width": "50%",
            }
          }
        >
          <span
            className="Tab__TabTitle-sc-11wugpq-0 gNLnOT"
          >
            NBA
          </span>
        </div>
        <div
          className="am-tabs-default-bar-tab"
          onClick={[Function]}
          style={
            Object {
              "color": "#32292F",
              "width": "50%",
            }
          }
        >
          <span
            className="Tab__TabTitle-sc-11wugpq-0 gNLnOT"
          >
            Bar
          </span>
        </div>
        <div
          className="am-tabs-default-bar-underline"
          style={
            Object {
              "border": "1px #0069b9 solid",
              "left": "0%",
              "width": "50%",
            }
          }
        />
      </div>
    </div>
  </div>
  <div
    className="am-tabs-content-wrap am-tabs-content-wrap-animated"
    onTouchCancel={[Function]}
    onTouchEnd={[Function]}
    onTouchMove={[Function]}
    onTouchStart={[Function]}
    style={
      Object {
        "MozTransform": "translate3d(0%, 0px, 1px)",
        "WebkitTransform": "translate3d(0%, 0px, 1px)",
        "touchAction": "pan-x pan-y",
        "transform": "translate3d(0%, 0px, 1px)",
      }
    }
  >
    <div
      className="am-tabs-pane-wrap am-tabs-pane-wrap-active"
      style={Object {}}
    >
      <p>
        NBA Bar
      </p>
    </div>
    <div
      className="am-tabs-pane-wrap am-tabs-pane-wrap-inactive"
      style={Object {}}
    >
      <p>
        NBA Bar
      </p>
    </div>
  </div>
</div>
`;
