// Jest Snapshot v1, https://goo.gl/fbAQLP

exports[`match snapshot 1`] = `
<div
  className="NavBar__Wrapper-sc-1en1yvc-0 dZzGVK"
>
  <div
    className="am-navbar am-navbar-dark"
    style={
      Object {
        "background": "#084887",
        "height": "100%",
      }
    }
  >
    <div
      className="am-navbar-left"
      onClick={[Function]}
      role="button"
    >
      <a
        href="/"
        onClick={[Function]}
        style={
          Object {
            "height": "100%",
          }
        }
      >
        <svg
          className="am-icon am-icon-left am-icon-md"
          color="#f7f7f7"
          style={
            Object {
              "cursor": "pointer",
              "height": "30px",
              "left": "7px",
              "position": "absolute",
            }
          }
        >
          <use
            xlinkHref="#left"
          />
        </svg>
      </a>
    </div>
    <div
      className="am-navbar-title"
    >
      <p
        className="NavBar__Title-sc-1en1yvc-1 hnMWnd"
      >
        PAGE
      </p>
    </div>
    <div
      className="am-navbar-right"
    />
  </div>
</div>
`;
