// Jest Snapshot v1, https://goo.gl/fbAQLP

exports[`match snapshot 1`] = `
Array [
  <div
    className="am-flexbox am-flexbox-justify-center am-flexbox-align-center"
    style={
      Object {
        "background": "#fff",
      }
    }
  >
    <button
      className="BoxScore__Button-sc-1261dsa-3 hbGzxg"
      onClick={[Function]}
      selected={true}
      style={
        Object {
          "borderRadius": "5px 0 0 5px",
        }
      }
    >
      IND
    </button>
    <button
      className="BoxScore__Button-sc-1261dsa-3 kYgTJm"
      onClick={[Function]}
      selected={false}
      style={
        Object {
          "borderRadius": "0 5px 5px 0",
        }
      }
    >
      GSW
    </button>
  </div>,
  <div
    className="am-flexbox BoxScore__Wrapper-sc-1261dsa-0 kbOYwp am-flexbox-align-center"
  >
    <div
      className="sticky-table "
    >
      <div
        className="x-scrollbar"
      >
        <div />
      </div>
      <div
        className="y-scrollbar"
      >
        <div />
      </div>
      <div
        className="sticky-table-header-wrapper"
      >
        <div
          className="sticky-table-corner "
        >
          <div
            className="sticky-table-table "
          >
            <div
              className="sticky-table-row sticky-table-row "
              id=""
            >
              <div
                className="sticky-table-cell BoxScore__HeaderCell-sc-1261dsa-1 ecwmCV"
              >
                <b>
                  Player
                </b>
              </div>
            </div>
          </div>
        </div>
        <div
          className="sticky-table-header "
        >
          <div
            className="sticky-table-table "
          >
            <div
              className="sticky-table-row sticky-table-row "
              id=""
            >
              <div
                className="sticky-table-cell BoxScore__HeaderCell-sc-1261dsa-1 ecwmCV"
              >
                <b>
                  MIN
                </b>
              </div>
              <div
                className="sticky-table-cell BoxScore__HeaderCell-sc-1261dsa-1 ecwmCV"
              >
                <b>
                  PTS
                </b>
              </div>
              <div
                className="sticky-table-cell BoxScore__HeaderCell-sc-1261dsa-1 ecwmCV"
              >
                <b>
                  REB
                </b>
              </div>
              <div
                className="sticky-table-cell BoxScore__HeaderCell-sc-1261dsa-1 ecwmCV"
              >
                <b>
                  AST
                </b>
              </div>
              <div
                className="sticky-table-cell BoxScore__HeaderCell-sc-1261dsa-1 ecwmCV"
              >
                <b>
                  STL
                </b>
              </div>
              <div
                className="sticky-table-cell BoxScore__HeaderCell-sc-1261dsa-1 ecwmCV"
              >
                <b>
                  BLK
                </b>
              </div>
              <div
                className="sticky-table-cell BoxScore__HeaderCell-sc-1261dsa-1 ecwmCV"
              >
                <b>
                  FG
                </b>
              </div>
              <div
                className="sticky-table-cell BoxScore__HeaderCell-sc-1261dsa-1 ecwmCV"
              >
                <b>
                  3P
                </b>
              </div>
              <div
                className="sticky-table-cell BoxScore__HeaderCell-sc-1261dsa-1 ecwmCV"
              >
                <b>
                  FT
                </b>
              </div>
              <div
                className="sticky-table-cell BoxScore__HeaderCell-sc-1261dsa-1 ecwmCV"
              >
                <b>
                  TO
                </b>
              </div>
              <div
                className="sticky-table-cell BoxScore__HeaderCell-sc-1261dsa-1 ecwmCV"
              >
                <b>
                  +/-
                </b>
              </div>
            </div>
          </div>
        </div>
      </div>
      <div
        className="sticky-table-y-wrapper"
      >
        <div
          className="sticky-table-column "
        >
          <div
            className="sticky-table-table "
          >
            <div
              className="sticky-table-row sticky-table-row "
              id=""
            >
              <div
                className="sticky-table-cell BoxScore__StyledCell-sc-1261dsa-2 cUQPIT"
                style={
                  Object {
                    "borderRight": "1px solid #f7f7f7",
                    "fontWeight": "500",
                    "textAlign": "left",
                  }
                }
              >
                Bogdanovic
              </div>
            </div>
          </div>
        </div>
        <div
          className="sticky-table-x-wrapper"
        >
          <div
            className="sticky-table-table "
          >
            <div
              className="sticky-table-row sticky-table-row "
              id=""
            >
              <div
                className="sticky-table-cell BoxScore__StyledCell-sc-1261dsa-2 cUQPIT"
              >
                30
              </div>
              <div
                className="sticky-table-cell BoxScore__StyledCell-sc-1261dsa-2 cUQPIT"
              >
                28
              </div>
              <div
                className="sticky-table-cell BoxScore__StyledCell-sc-1261dsa-2 cUQPIT"
              >
                3
              </div>
              <div
                className="sticky-table-cell BoxScore__StyledCell-sc-1261dsa-2 cUQPIT"
              >
                2
              </div>
              <div
                className="sticky-table-cell BoxScore__StyledCell-sc-1261dsa-2 cUQPIT"
              >
                1
              </div>
              <div
                className="sticky-table-cell BoxScore__StyledCell-sc-1261dsa-2 cUQPIT"
              >
                1
              </div>
              <div
                className="sticky-table-cell BoxScore__StyledCell-sc-1261dsa-2 cUQPIT"
              >
                11-13
              </div>
              <div
                className="sticky-table-cell BoxScore__StyledCell-sc-1261dsa-2 cUQPIT"
              >
                6-7
              </div>
              <div
                className="sticky-table-cell BoxScore__StyledCell-sc-1261dsa-2 cUQPIT"
              >
                0-0
              </div>
              <div
                className="sticky-table-cell BoxScore__StyledCell-sc-1261dsa-2 cUQPIT"
              >
                2
              </div>
              <div
                className="sticky-table-cell BoxScore__StyledCell-sc-1261dsa-2 cUQPIT"
              >
                30
              </div>
            </div>
          </div>
        </div>
      </div>
    </div>
  </div>,
]
`;
