// Jest Snapshot v1, https://goo.gl/fbAQLP

exports[`match snapshot 1`] = `
<div
  className="am-flexbox LineScore__Wrapper-sc-12k2j1r-0 bRtbHk am-flexbox-justify-start am-flexbox-align-center"
>
  <div
    className="sticky-table "
  >
    <div
      className="x-scrollbar"
    >
      <div />
    </div>
    <div
      className="y-scrollbar"
    >
      <div />
    </div>
    <div
      className="sticky-table-header-wrapper"
    >
      <div
        className="sticky-table-corner hidden"
      >
        <div
          className="sticky-table-table "
        />
      </div>
      <div
        className="sticky-table-header hidden"
      >
        <div
          className="sticky-table-table "
        />
      </div>
    </div>
    <div
      className="sticky-table-y-wrapper"
    >
      <div
        className="sticky-table-column "
      >
        <div
          className="sticky-table-table "
        >
          <div
            className="sticky-table-row sticky-table-row "
            id=""
          >
            <div
              className="sticky-table-cell LineScore__StyledCell-sc-12k2j1r-1 gURpPR"
            />
          </div>
          <div
            className="sticky-table-row sticky-table-row "
            id=""
          >
            <div
              className="sticky-table-cell LineScore__StyledCell-sc-12k2j1r-1 gURpPR"
              style={
                Object {
                  "backgroundColor": "#041e42",
                  "padding": "8px 16px",
                }
              }
            >
              <p
                className="LineScore__TeamName-sc-12k2j1r-2 kQalFi"
              >
                IND
              </p>
            </div>
          </div>
          <div
            className="sticky-table-row sticky-table-row "
            id=""
          >
            <div
              className="sticky-table-cell LineScore__StyledCell-sc-12k2j1r-1 gURpPR"
              style={
                Object {
                  "backgroundColor": "#ffc72d",
                  "padding": "8px 16px",
                }
              }
            >
              <p
                className="LineScore__TeamName-sc-12k2j1r-2 kQalFi"
              >
                GSW
              </p>
            </div>
          </div>
        </div>
      </div>
      <div
        className="sticky-table-x-wrapper"
      >
        <div
          className="sticky-table-table "
        >
          <div
            className="sticky-table-row sticky-table-row "
            id=""
          >
            <div
              className="sticky-table-cell LineScore__StyledCell-sc-12k2j1r-1 gURpPR"
            >
              <b>
                Q1
              </b>
            </div>
            <div
              className="sticky-table-cell LineScore__StyledCell-sc-12k2j1r-1 gURpPR"
            >
              <b>
                Q2
              </b>
            </div>
            <div
              className="sticky-table-cell LineScore__StyledCell-sc-12k2j1r-1 gURpPR"
            >
              <b>
                Q3
              </b>
            </div>
            <div
              className="sticky-table-cell LineScore__StyledCell-sc-12k2j1r-1 gURpPR"
            >
              <b>
                Q4
              </b>
            </div>
            <div
              className="sticky-table-cell LineScore__StyledCell-sc-12k2j1r-1 gURpPR"
            >
              <b>
                T
              </b>
            </div>
          </div>
          <div
            className="sticky-table-row sticky-table-row "
            id=""
          >
            <div
              className="sticky-table-cell LineScore__StyledCell-sc-12k2j1r-1 gURpPR"
            >
              27
            </div>
            <div
              className="sticky-table-cell LineScore__StyledCell-sc-12k2j1r-1 gURpPR"
            >
              35
            </div>
            <div
              className="sticky-table-cell LineScore__StyledCell-sc-12k2j1r-1 gURpPR"
            >
              35
            </div>
            <div
              className="sticky-table-cell LineScore__StyledCell-sc-12k2j1r-1 gURpPR"
            >
              29
            </div>
            <div
              className="sticky-table-cell LineScore__StyledCell-sc-12k2j1r-1 gURpPR"
            >
              126
            </div>
          </div>
          <div
            className="sticky-table-row sticky-table-row "
            id=""
          >
            <div
              className="sticky-table-cell LineScore__StyledCell-sc-12k2j1r-1 gURpPR"
            >
              26
            </div>
            <div
              className="sticky-table-cell LineScore__StyledCell-sc-12k2j1r-1 gURpPR"
            >
              25
            </div>
            <div
              className="sticky-table-cell LineScore__StyledCell-sc-12k2j1r-1 gURpPR"
            >
              26
            </div>
            <div
              className="sticky-table-cell LineScore__StyledCell-sc-12k2j1r-1 gURpPR"
            >
              29
            </div>
            <div
              className="sticky-table-cell LineScore__StyledCell-sc-12k2j1r-1 gURpPR"
            >
              106
            </div>
          </div>
        </div>
      </div>
    </div>
  </div>
</div>
`;
