// Jest Snapshot v1, https://goo.gl/fbAQLP

exports[`match snapshot 1`] = `
<div
  className="BarLoader__Wrapper-sc-1ulk7l6-0 iZAMXF"
>
  <div
    className="sc-1ulk7l6-1-BarLoader__Bar-cAbGJh kLvbjQ"
  />
  <div
    className="sc-1ulk7l6-1-BarLoader__Bar-kTvBTy hMlVfM"
  />
</div>
`;
