// Jest Snapshot v1, https://goo.gl/fbAQLP

exports[`match snapshot 1`] = `
<div
  className="am-flexbox Error__Wrapper-sc-15dx42x-0 gFMOUy am-flexbox-dir-column am-flexbox-justify-center am-flexbox-align-center"
>
  <p
    className="Error__Text-sc-15dx42x-1 lkZTBp"
  >
    Oops! Something goes wrong
     
    <span
      aria-label="Sad"
      role="img"
    >
      🙁
    </span>
  </p>
  <p
    className="Error__Text-sc-15dx42x-1 lkZTBp"
  >
    <a
      className="Error__Report-sc-15dx42x-2 cVcpev"
      onClick={[Function]}
    >
      Report issues
    </a>
  </p>
</div>
`;
