// Jest Snapshot v1, https://goo.gl/fbAQLP

exports[`match snapshot 1`] = `
<div
  className="am-flexbox Table__Wrapper-sc-3qv9z0-0 irBjHd am-flexbox-dir-column am-flexbox-align-center"
>
  <div
    className="am-flexbox-item Table__Item-sc-3qv9z0-1 hLMyej"
  >
    <h3
      className="Table__Conference-sc-3qv9z0-4 cLiwRk"
    >
      east
    </h3>
    <div
      className="sticky-table "
    >
      <div
        className="x-scrollbar"
      >
        <div />
      </div>
      <div
        className="y-scrollbar"
      >
        <div />
      </div>
      <div
        className="sticky-table-header-wrapper"
      >
        <div
          className="sticky-table-corner hidden"
        >
          <div
            className="sticky-table-table "
          >
            <div
              className="sticky-table-row sticky-table-row "
              id=""
            />
          </div>
        </div>
        <div
          className="sticky-table-header "
        >
          <div
            className="sticky-table-table "
          >
            <div
              className="sticky-table-row sticky-table-row "
              id=""
            >
              <div
                className="sticky-table-cell Table__HeaderCell-sc-3qv9z0-2 jQKHGa"
              >
                Teams
              </div>
              <div
                className="sticky-table-cell Table__HeaderCell-sc-3qv9z0-2 jQKHGa"
              >
                W
              </div>
              <div
                className="sticky-table-cell Table__HeaderCell-sc-3qv9z0-2 jQKHGa"
              >
                L
              </div>
              <div
                className="sticky-table-cell Table__HeaderCell-sc-3qv9z0-2 jQKHGa"
              >
                WIN%
              </div>
              <div
                className="sticky-table-cell Table__HeaderCell-sc-3qv9z0-2 jQKHGa"
              >
                GB
              </div>
            </div>
          </div>
        </div>
      </div>
      <div
        className="sticky-table-y-wrapper"
      >
        <div
          className="sticky-table-column hidden"
        >
          <div
            className="sticky-table-table "
          >
            <div
              className="sticky-table-row sticky-table-row "
              id=""
            />
            <div
              className="sticky-table-row sticky-table-row "
              id=""
            />
            <div
              className="sticky-table-row sticky-table-row "
              id=""
            />
          </div>
        </div>
        <div
          className="sticky-table-x-wrapper"
        >
          <div
            className="sticky-table-table "
          >
            <div
              className="sticky-table-row sticky-table-row "
              id=""
            >
              <div
                align="left"
                className="sticky-table-cell Table__StyledCell-sc-3qv9z0-3 iQxVks"
                style={
                  Object {
                    "background": "#ce1141",
                    "color": "#fff",
                    "fontWeight": "500",
                  }
                }
                width="75"
              >
                TOR
              </div>
              <div
                className="sticky-table-cell Table__StyledCell-sc-3qv9z0-3 jPcrwW"
                width="47"
              >
                56
              </div>
              <div
                className="sticky-table-cell Table__StyledCell-sc-3qv9z0-3 jPcrwW"
                width="47"
              >
                22
              </div>
              <div
                className="sticky-table-cell Table__StyledCell-sc-3qv9z0-3 tNPGP"
                width="73"
              >
                .718
              </div>
              <div
                className="sticky-table-cell Table__StyledCell-sc-3qv9z0-3 hqaYWk"
                width="59"
              >
                0
              </div>
            </div>
            <div
              className="sticky-table-row sticky-table-row "
              id=""
            >
              <div
                align="left"
                className="sticky-table-cell Table__StyledCell-sc-3qv9z0-3 iQxVks"
                style={
                  Object {
                    "background": "#007a33",
                    "color": "#fff",
                    "fontWeight": "500",
                  }
                }
                width="75"
              >
                BOS
              </div>
              <div
                className="sticky-table-cell Table__StyledCell-sc-3qv9z0-3 jPcrwW"
                width="47"
              >
                53
              </div>
              <div
                className="sticky-table-cell Table__StyledCell-sc-3qv9z0-3 jPcrwW"
                width="47"
              >
                25
              </div>
              <div
                className="sticky-table-cell Table__StyledCell-sc-3qv9z0-3 tNPGP"
                width="73"
              >
                .679
              </div>
              <div
                className="sticky-table-cell Table__StyledCell-sc-3qv9z0-3 hqaYWk"
                width="59"
              >
                3
              </div>
            </div>
            <div
              className="sticky-table-row sticky-table-row "
              id=""
            >
              <div
                align="left"
                className="sticky-table-cell Table__StyledCell-sc-3qv9z0-3 iQxVks"
                style={
                  Object {
                    "background": "#6f263d",
                    "color": "#fff",
                    "fontWeight": "500",
                  }
                }
                width="75"
              >
                CLE
              </div>
              <div
                className="sticky-table-cell Table__StyledCell-sc-3qv9z0-3 jPcrwW"
                width="47"
              >
                49
              </div>
              <div
                className="sticky-table-cell Table__StyledCell-sc-3qv9z0-3 jPcrwW"
                width="47"
              >
                30
              </div>
              <div
                className="sticky-table-cell Table__StyledCell-sc-3qv9z0-3 tNPGP"
                width="73"
              >
                .620
              </div>
              <div
                className="sticky-table-cell Table__StyledCell-sc-3qv9z0-3 hqaYWk"
                width="59"
              >
                7.5
              </div>
            </div>
          </div>
        </div>
      </div>
    </div>
  </div>
  <div
    className="am-flexbox-item Table__Item-sc-3qv9z0-1 hLMyej"
  >
    <h3
      className="Table__Conference-sc-3qv9z0-4 cLiwRk"
    >
      west
    </h3>
    <div
      className="sticky-table "
    >
      <div
        className="x-scrollbar"
      >
        <div />
      </div>
      <div
        className="y-scrollbar"
      >
        <div />
      </div>
      <div
        className="sticky-table-header-wrapper"
      >
        <div
          className="sticky-table-corner hidden"
        >
          <div
            className="sticky-table-table "
          >
            <div
              className="sticky-table-row sticky-table-row "
              id=""
            />
          </div>
        </div>
        <div
          className="sticky-table-header "
        >
          <div
            className="sticky-table-table "
          >
            <div
              className="sticky-table-row sticky-table-row "
              id=""
            >
              <div
                className="sticky-table-cell Table__HeaderCell-sc-3qv9z0-2 jQKHGa"
              >
                Teams
              </div>
              <div
                className="sticky-table-cell Table__HeaderCell-sc-3qv9z0-2 jQKHGa"
              >
                W
              </div>
              <div
                className="sticky-table-cell Table__HeaderCell-sc-3qv9z0-2 jQKHGa"
              >
                L
              </div>
              <div
                className="sticky-table-cell Table__HeaderCell-sc-3qv9z0-2 jQKHGa"
              >
                WIN%
              </div>
              <div
                className="sticky-table-cell Table__HeaderCell-sc-3qv9z0-2 jQKHGa"
              >
                GB
              </div>
            </div>
          </div>
        </div>
      </div>
      <div
        className="sticky-table-y-wrapper"
      >
        <div
          className="sticky-table-column hidden"
        >
          <div
            className="sticky-table-table "
          >
            <div
              className="sticky-table-row sticky-table-row "
              id=""
            />
            <div
              className="sticky-table-row sticky-table-row "
              id=""
            />
            <div
              className="sticky-table-row sticky-table-row "
              id=""
            />
          </div>
        </div>
        <div
          className="sticky-table-x-wrapper"
        >
          <div
            className="sticky-table-table "
          >
            <div
              className="sticky-table-row sticky-table-row "
              id=""
            >
              <div
                align="left"
                className="sticky-table-cell Table__StyledCell-sc-3qv9z0-3 iQxVks"
                style={
                  Object {
                    "background": "#ba0c2f",
                    "color": "#fff",
                    "fontWeight": "500",
                  }
                }
                width="75"
              >
                HOU
              </div>
              <div
                className="sticky-table-cell Table__StyledCell-sc-3qv9z0-3 jPcrwW"
                width="47"
              >
                64
              </div>
              <div
                className="sticky-table-cell Table__StyledCell-sc-3qv9z0-3 jPcrwW"
                width="47"
              >
                15
              </div>
              <div
                className="sticky-table-cell Table__StyledCell-sc-3qv9z0-3 tNPGP"
                width="73"
              >
                .810
              </div>
              <div
                className="sticky-table-cell Table__StyledCell-sc-3qv9z0-3 hqaYWk"
                width="59"
              >
                0
              </div>
            </div>
            <div
              className="sticky-table-row sticky-table-row "
              id=""
            >
              <div
                align="left"
                className="sticky-table-cell Table__StyledCell-sc-3qv9z0-3 iQxVks"
                style={
                  Object {
                    "background": "#ffc72d",
                    "color": "#fff",
                    "fontWeight": "500",
                  }
                }
                width="75"
              >
                GSW
              </div>
              <div
                className="sticky-table-cell Table__StyledCell-sc-3qv9z0-3 jPcrwW"
                width="47"
              >
                57
              </div>
              <div
                className="sticky-table-cell Table__StyledCell-sc-3qv9z0-3 jPcrwW"
                width="47"
              >
                22
              </div>
              <div
                className="sticky-table-cell Table__StyledCell-sc-3qv9z0-3 tNPGP"
                width="73"
              >
                .722
              </div>
              <div
                className="sticky-table-cell Table__StyledCell-sc-3qv9z0-3 hqaYWk"
                width="59"
              >
                7
              </div>
            </div>
            <div
              className="sticky-table-row sticky-table-row "
              id=""
            >
              <div
                align="left"
                className="sticky-table-cell Table__StyledCell-sc-3qv9z0-3 iQxVks"
                style={
                  Object {
                    "background": "#f0163a",
                    "color": "#fff",
                    "fontWeight": "500",
                  }
                }
                width="75"
              >
                POR
              </div>
              <div
                className="sticky-table-cell Table__StyledCell-sc-3qv9z0-3 jPcrwW"
                width="47"
              >
                48
              </div>
              <div
                className="sticky-table-cell Table__StyledCell-sc-3qv9z0-3 jPcrwW"
                width="47"
              >
                31
              </div>
              <div
                className="sticky-table-cell Table__StyledCell-sc-3qv9z0-3 tNPGP"
                width="73"
              >
                .608
              </div>
              <div
                className="sticky-table-cell Table__StyledCell-sc-3qv9z0-3 hqaYWk"
                width="59"
              >
                16
              </div>
            </div>
          </div>
        </div>
      </div>
    </div>
  </div>
</div>
`;
