// Jest Snapshot v1, https://goo.gl/fbAQLP

exports[`match snapshot 1`] = `
<div
  className="Wrapper__Layout-d8nez-0 Ubonj"
>
  <div
    className="am-tab-bar"
  >
    <div
      className="am-tabs am-tabs-horizontal am-tabs-bottom"
    >
      <div
        className="am-tabs-content-wrap"
        onTouchCancel={[Function]}
        onTouchEnd={[Function]}
        onTouchMove={[Function]}
        onTouchStart={[Function]}
        style={
          Object {
            "left": "0%",
            "position": "relative",
            "touchAction": "pan-x pan-y",
          }
        }
      >
        <div
          className="am-tabs-pane-wrap am-tabs-pane-wrap-active"
          style={Object {}}
        >
          <div
            className="am-tab-bar-item"
          >
            <div
              className="am-flexbox Wrapper__Content-d8nez-1 cjuVHB am-flexbox-dir-column am-flexbox-align-center"
            />
          </div>
        </div>
        <div
          className="am-tabs-pane-wrap am-tabs-pane-wrap-inactive"
          style={Object {}}
        >
          <div
            className="am-tab-bar-item"
          >
            <div
              className="am-flexbox Wrapper__Content-d8nez-1 cjuVHB am-flexbox-dir-column am-flexbox-align-center"
            />
          </div>
        </div>
        <div
          className="am-tabs-pane-wrap am-tabs-pane-wrap-inactive"
          style={Object {}}
        />
      </div>
      <div
        className="am-tabs-tab-bar-wrap"
      >
        <div
          className="am-tab-bar-bar"
          style={
            Object {
              "backgroundColor": "#0069b9",
            }
          }
        >
          <div
            className="am-tab-bar-tab"
            onClick={[Function]}
          >
            <div
              className="am-tab-bar-tab-icon"
              style={
                Object {
                  "color": "#f7f7f7",
                }
              }
            >
              <div
                className="Wrapper__Icon-d8nez-2 dOJfEz"
              />
            </div>
            <p
              className="am-tab-bar-tab-title"
              style={
                Object {
                  "color": "#f7f7f7",
                }
              }
            >
              <span
                className="Wrapper__Title-d8nez-3 dyWqpP"
              >
                Schedule
              </span>
            </p>
          </div>
          <div
            className="am-tab-bar-tab"
            onClick={[Function]}
          >
            <div
              className="am-tab-bar-tab-icon"
              style={
                Object {
                  "color": "#8D99AE",
                }
              }
            >
              <div
                className="Wrapper__Icon-d8nez-2 dOJfEz"
              />
            </div>
            <p
              className="am-tab-bar-tab-title"
              style={
                Object {
                  "color": "#8D99AE",
                }
              }
            >
              <span
                className="Wrapper__Title-d8nez-3 dyWqpP"
              >
                Standing
              </span>
            </p>
          </div>
          <div
            className="am-tab-bar-tab"
            onClick={[Function]}
          >
            <div
              className="am-tab-bar-tab-icon"
              style={
                Object {
                  "color": "#8D99AE",
                }
              }
            >
              <div
                className="Wrapper__Icon-d8nez-2 dOJfEz"
              />
            </div>
            <p
              className="am-tab-bar-tab-title"
              style={
                Object {
                  "color": "#8D99AE",
                }
              }
            >
              <span
                className="Wrapper__Title-d8nez-3 dyWqpP"
              >
                Settings
              </span>
            </p>
          </div>
        </div>
      </div>
    </div>
  </div>
</div>
`;
