// Jest Snapshot v1, https://goo.gl/fbAQLP

exports[`match snapshot 1`] = `
<div
  className="am-flexbox Stats__Wrapper-prv853-0 lmyAZB am-flexbox-justify-center am-flexbox-align-center"
>
  <div
    aria-label="grid"
    aria-readonly={true}
    className="ReactVirtualized__Grid ReactVirtualized__List"
    onScroll={[Function]}
    role="grid"
    style={
      Object {
        "WebkitOverflowScrolling": "touch",
        "boxSizing": "border-box",
        "direction": "ltr",
        "height": 340,
        "overflowX": "hidden",
        "overflowY": "hidden",
        "position": "relative",
        "width": 300,
        "willChange": "transform",
      }
    }
    tabIndex={0}
  >
    <div
      className="ReactVirtualized__Grid__innerScrollContainer"
      role="rowgroup"
      style={
        Object {
          "height": 340,
          "maxHeight": 340,
          "maxWidth": 300,
          "overflow": "hidden",
          "pointerEvents": "",
          "position": "relative",
          "width": "auto",
        }
      }
    >
      <div
        className="am-flexbox am-flexbox-justify-center am-flexbox-align-center"
        style={
          Object {
            "height": 37.77777777777778,
            "left": 0,
            "position": "absolute",
            "top": 0,
            "width": "100%",
          }
        }
      >
        <div
          className="am-flexbox-item Stats__StyledCell-prv853-1 kHsgoc"
        >
          53.8
        </div>
        <div
          className="am-flexbox-item Stats__StyledCell-prv853-1 kHsgoc"
        >
          <b>
            FG%
          </b>
        </div>
        <div
          className="am-flexbox-item Stats__StyledCell-prv853-1 kHsgoc"
        >
          44.6
        </div>
      </div>
      <div
        className="am-flexbox am-flexbox-justify-center am-flexbox-align-center"
        style={
          Object {
            "height": 37.77777777777778,
            "left": 0,
            "position": "absolute",
            "top": 37.77777777777778,
            "width": "100%",
          }
        }
      >
        <div
          className="am-flexbox-item Stats__StyledCell-prv853-1 kHsgoc"
        >
          51.7
        </div>
        <div
          className="am-flexbox-item Stats__StyledCell-prv853-1 kHsgoc"
        >
          <b>
            3P%
          </b>
        </div>
        <div
          className="am-flexbox-item Stats__StyledCell-prv853-1 kHsgoc"
        >
          31.0
        </div>
      </div>
      <div
        className="am-flexbox am-flexbox-justify-center am-flexbox-align-center"
        style={
          Object {
            "height": 37.77777777777778,
            "left": 0,
            "position": "absolute",
            "top": 75.55555555555556,
            "width": "100%",
          }
        }
      >
        <div
          className="am-flexbox-item Stats__StyledCell-prv853-1 kHsgoc"
        >
          73.3
        </div>
        <div
          className="am-flexbox-item Stats__StyledCell-prv853-1 kHsgoc"
        >
          <b>
            FT%
          </b>
        </div>
        <div
          className="am-flexbox-item Stats__StyledCell-prv853-1 kHsgoc"
        >
          95.8
        </div>
      </div>
      <div
        className="am-flexbox am-flexbox-justify-center am-flexbox-align-center"
        style={
          Object {
            "height": 37.77777777777778,
            "left": 0,
            "position": "absolute",
            "top": 113.33333333333334,
            "width": "100%",
          }
        }
      >
        <div
          className="am-flexbox-item Stats__StyledCell-prv853-1 kHsgoc"
        >
          32
        </div>
        <div
          className="am-flexbox-item Stats__StyledCell-prv853-1 kHsgoc"
        >
          <b>
            AST
          </b>
        </div>
        <div
          className="am-flexbox-item Stats__StyledCell-prv853-1 kHsgoc"
        >
          29
        </div>
      </div>
      <div
        className="am-flexbox am-flexbox-justify-center am-flexbox-align-center"
        style={
          Object {
            "height": 37.77777777777778,
            "left": 0,
            "position": "absolute",
            "top": 151.11111111111111,
            "width": "100%",
          }
        }
      >
        <div
          className="am-flexbox-item Stats__StyledCell-prv853-1 kHsgoc"
        >
          47
        </div>
        <div
          className="am-flexbox-item Stats__StyledCell-prv853-1 kHsgoc"
        >
          <b>
            REB
          </b>
        </div>
        <div
          className="am-flexbox-item Stats__StyledCell-prv853-1 kHsgoc"
        >
          39
        </div>
      </div>
      <div
        className="am-flexbox am-flexbox-justify-center am-flexbox-align-center"
        style={
          Object {
            "height": 37.77777777777778,
            "left": 0,
            "position": "absolute",
            "top": 188.88888888888889,
            "width": "100%",
          }
        }
      >
        <div
          className="am-flexbox-item Stats__StyledCell-prv853-1 kHsgoc"
        >
          11
        </div>
        <div
          className="am-flexbox-item Stats__StyledCell-prv853-1 kHsgoc"
        >
          <b>
            STL
          </b>
        </div>
        <div
          className="am-flexbox-item Stats__StyledCell-prv853-1 kHsgoc"
        >
          6
        </div>
      </div>
      <div
        className="am-flexbox am-flexbox-justify-center am-flexbox-align-center"
        style={
          Object {
            "height": 37.77777777777778,
            "left": 0,
            "position": "absolute",
            "top": 226.66666666666666,
            "width": "100%",
          }
        }
      >
        <div
          className="am-flexbox-item Stats__StyledCell-prv853-1 kHsgoc"
        >
          3
        </div>
        <div
          className="am-flexbox-item Stats__StyledCell-prv853-1 kHsgoc"
        >
          <b>
            BLK
          </b>
        </div>
        <div
          className="am-flexbox-item Stats__StyledCell-prv853-1 kHsgoc"
        >
          5
        </div>
      </div>
      <div
        className="am-flexbox am-flexbox-justify-center am-flexbox-align-center"
        style={
          Object {
            "height": 37.77777777777778,
            "left": 0,
            "position": "absolute",
            "top": 264.44444444444446,
            "width": "100%",
          }
        }
      >
        <div
          className="am-flexbox-item Stats__StyledCell-prv853-1 kHsgoc"
        >
          12
        </div>
        <div
          className="am-flexbox-item Stats__StyledCell-prv853-1 kHsgoc"
        >
          <b>
            TOV
          </b>
        </div>
        <div
          className="am-flexbox-item Stats__StyledCell-prv853-1 kHsgoc"
        >
          16
        </div>
      </div>
      <div
        className="am-flexbox am-flexbox-justify-center am-flexbox-align-center"
        style={
          Object {
            "height": 37.77777777777778,
            "left": 0,
            "position": "absolute",
            "top": 302.22222222222223,
            "width": "100%",
          }
        }
      >
        <div
          className="am-flexbox-item Stats__StyledCell-prv853-1 kHsgoc"
        >
          24
        </div>
        <div
          className="am-flexbox-item Stats__StyledCell-prv853-1 kHsgoc"
        >
          <b>
            FOUL
          </b>
        </div>
        <div
          className="am-flexbox-item Stats__StyledCell-prv853-1 kHsgoc"
        >
          14
        </div>
      </div>
    </div>
  </div>
</div>
`;
